C51 COMPILER V9.01   SYLYMANGBIT_NGUOC_                                                    05/29/2011 16:28:08 PAGE 1   


C51 COMPILER V9.01, COMPILATION OF MODULE SYLYMANGBIT_NGUOC_
OBJECT MODULE PLACED IN sylymangbit(nguoc).OBJ
COMPILER INVOKED BY: C:\Keil\C51\BIN\C51.EXE sylymangbit(nguoc).c BROWSE DEBUG OBJECTEXTEND

line level    source

   1          #include  <allfuntion.h>
*** WARNING C322 IN LINE 174 OF typedef.h: unknown identifier
*** ERROR C129 IN LINE 282 OF TYPEDEF.H: missing ';' before 'code'
*** ERROR C301 IN LINE 4 OF 24c3264.h: identifier expected
*** WARNING C322 IN LINE 16 OF delay.h: unknown identifier
*** WARNING C315 IN LINE 9 OF digi2text.h: unknown #directive 'endifs'
*** WARNING C317 IN LINE 8 OF checktimeout.h: attempt to redefine macro 'adee_env'
   2          #include  <sulymangbit.h>
   3          
   4            unsigned char code pobior[8]={1,2,4,8,16,32,64,128}   ; //dung trong set bit phep or
   5            unsigned char code pobian[8]={~1,~2,~4,~8,~16,~32,~64,~128}   ;  //dung cho xoa bit phep and
   6          
   7          unsigned long nbit1positi(unsigned char sobit,vitri)
   8          {
   9            unsigned char cou;
  10            unsigned long lval=0;
  11            for(cou=0;cou<sobit;cou++)
  12            {
  13              lval=lval<<1;
  14              lval=lval|1;
  15            }
  16            lval=lval<<vitri;
  17            return lval;
  18          }
  19          
  20          unsigned long nbit0positi(unsigned char sobit,vitri)
  21          {
  22            return ~nbit1positi(sobit,vitri);
  23          }
  24          
  25                  void clearbit(unsigned char idata *mt,vitri)       //da test
  26                  /* clear bit thu i (>=0) cua mang bit mt[] len muc 1 */
  27                           {
  28                mt=mt+vitri/8; //tro vao vi tri byte chua bit cac xoa
  29                vitri=vitri%8;
  30                                  *(mt)=*(mt)&pobian[vitri];      
  31                           }                        
  32                  void setbit(unsigned char idata*mt,vitri)   //datest
  33                  /* set bit thu i (>=0) cua mang bit mt[] len muc 1 */
  34                           {
  35                mt=mt+vitri/8;//tro vao vi tri byte chua bit can set
  36                vitri=vitri%8;
  37                                  *(mt)= *(mt)|pobior[vitri];     
  38                           }
  39                  bit getbit(unsigned char idata*mt,vitri)           // da test
  40                  /*lay bit co stt i trong mang bit mt[]*/
  41                           {
  42                mt=mt+vitri/8;
  43                vitri=vitri%8;
  44                                  return (*mt)&pobior[vitri];     
  45                           }
  46                  unsigned long getbits(unsigned char idata *mt,vitri,sobit)       // da test
  47                          /*lay t bit tu mang bit mt[] bat dau tu bit thu i(>=0)*/
  48                           {      
  49                              unsigned long getint;
C51 COMPILER V9.01   SYLYMANGBIT_NGUOC_                                                    05/29/2011 16:28:08 PAGE 2   

  50                              mt=mt+vitri/8;
  51                  vitri=vitri%8;
  52                  getint=*mt+(((unsigned long)*(mt+1))<<8)|(((unsigned long)*(mt+2))<<16)|(((unsigned long)*(mt+3))<
             -<24);
  53                  
  54                  
  55                  
  56                  getint=getint<<(31-sobit-vitri);
  57                  getint=getint>>(31-vitri);
  58                  
  59                  return getint;
  60               }
  61          
  62                  void putbits(unsigned char idata *mt,vitri,sobit,unsigned long giatri)// da test  
  63                          /* ghi j bit chua trong x (byte) vao mang bit co mt[] co dia chi bat dau ghi la i*/
  64                           {
  65                              unsigned long getint;
  66                              mt=mt+vitri/8;
  67                  vitri=vitri%8;
  68                   getint=*mt+(((unsigned long)*(mt+1))<<8)|(((unsigned long)*(mt+2))<<16)|(((unsigned long)*(mt+3))
             -<<24);
  69                  
  70                  getint=getint&nbit0positi(sobit,vitri);
  71                  giatri=giatri&nbit1positi(sobit,0);
  72                  giatri=giatri<<vitri;
  73               
  74                  getint=getint|giatri;
  75                  
  76                  *mt=getint;
  77                  *(mt+1)=getint>>8;
  78                  *(mt+2)=getint>>16;
  79                  *(mt+3)=getint>>24;
  80               }
*** WARNING C316 IN LINE 80 OF sylymangbit(nguoc).c: unterminated conditionals

C51 COMPILATION COMPLETE.  5 WARNING(S),  2 ERROR(S)
